// Jest Snapshot v1, https://jestjs.io/docs/snapshot-testing

exports[`<Main /> should render the heading 1`] = `
<div>
  <h1>
    React Avan√ßado
  </h1>
</div>
`;
